<html>
<body>
<pre>
<h1>µVision Build Log</h1>
<h2>Tool Versions:</h2>
IDE-Version: ¦ÌVision V5.14.0.0
Copyright (C) 2015 ARM Ltd and ARM Germany GmbH. All rights reserved.
License Information: Romulus Libertas, None, LIC=3UUKP-M9NX5-HQG0I-TCXP4-RW7ZL-2L2CL
 
Tool Versions:
Toolchain:       MDK-ARM Professional  Version: 5.14.0.0
Toolchain Path:  C:\Keil_v5\ARM\ARMCC\Bin
C Compiler:      Armcc.exe V5.05 update 1 (build 106)
Assembler:       Armasm.exe V5.05 update 1 (build 106)
Linker/Locator:  ArmLink.exe V5.05 update 1 (build 106)
Library Manager: ArmAr.exe V5.05 update 1 (build 106)
Hex Converter:   FromElf.exe V5.05 update 1 (build 106)
CPU DLL:         SARMCM3.DLL V5.14.0.0
Dialog DLL:      DCM.DLL V1.13.1.0
Target DLL:      Segger\JL2CM3.dll V2.99.13.0
Dialog DLL:      TCM.DLL V1.14.4.0
 
<h2>Project:</h2>
D:\STM32\STM32MPU6050\Project\Project.uvprojx
Project File Date:  11/20/2015

<h2>Output:</h2>
Build target 'MINISTM32'
compiling main.c...
config.h(5): warning:  #1-D: last line of file ends without a newline
        
main.c(25): warning:  #188-D: enumerated type mixed with another type
                GPIO_WriteBit(GPIOA, GPIO_Pin_4, flag);
main.c(29): warning:  #111-D: statement is unreachable
        return 0;
main.c(10): warning:  #177-D: variable "ax" was declared but never referenced
        int8_t ax, ay, az;
main.c(10): warning:  #177-D: variable "ay" was declared but never referenced
        int8_t ax, ay, az;
main.c(10): warning:  #177-D: variable "az" was declared but never referenced
        int8_t ax, ay, az;
main.c(11): warning:  #177-D: variable "wx" was declared but never referenced
        int8_t wx, wy, wz;
main.c(11): warning:  #177-D: variable "wy" was declared but never referenced
        int8_t wx, wy, wz;
main.c(11): warning:  #177-D: variable "wz" was declared but never referenced
        int8_t wx, wy, wz;
main.c: 9 warnings, 0 errors
linking...
Program Size: Code=7204 RO-data=336 RW-data=28 ZI-data=1028  
FromELF: creating hex file...
".\MINISTM32\MINISTM32.axf" - 0 Error(s), 9 Warning(s).

<h2>Collection of Component include folders:</h2>
  D:\STM32\STM32MPU6050\Project\RTE
  C:\Keil_v5\ARM\PACK\Keil\STM32F1xx_DFP\1.0.5\Device\Include

<h2>Collection of Component Files used:</h2>
</pre>
</body>
</html>
